yamllint	Set up job	﻿2025-09-17T06:13:57.7963934Z Current runner version: '2.328.0'
yamllint	Set up job	2025-09-17T06:13:57.8002064Z ##[group]Runner Image Provisioner
yamllint	Set up job	2025-09-17T06:13:57.8003411Z Hosted Compute Agent
yamllint	Set up job	2025-09-17T06:13:57.8004610Z Version: 20250829.383
yamllint	Set up job	2025-09-17T06:13:57.8005745Z Commit: 27cb235aab5b0e52e153a26cd86b4742e89dac5d
yamllint	Set up job	2025-09-17T06:13:57.8006953Z Build Date: 2025-08-29T13:48:48Z
yamllint	Set up job	2025-09-17T06:13:57.8008292Z ##[endgroup]
yamllint	Set up job	2025-09-17T06:13:57.8009248Z ##[group]Operating System
yamllint	Set up job	2025-09-17T06:13:57.8010234Z Ubuntu
yamllint	Set up job	2025-09-17T06:13:57.8011270Z 24.04.3
yamllint	Set up job	2025-09-17T06:13:57.8012093Z LTS
yamllint	Set up job	2025-09-17T06:13:57.8012904Z ##[endgroup]
yamllint	Set up job	2025-09-17T06:13:57.8013820Z ##[group]Runner Image
yamllint	Set up job	2025-09-17T06:13:57.8015120Z Image: ubuntu-24.04
yamllint	Set up job	2025-09-17T06:13:57.8015912Z Version: 20250907.24.1
yamllint	Set up job	2025-09-17T06:13:57.8017666Z Included Software: https://github.com/actions/runner-images/blob/ubuntu24/20250907.24/images/ubuntu/Ubuntu2404-Readme.md
yamllint	Set up job	2025-09-17T06:13:57.8019937Z Image Release: https://github.com/actions/runner-images/releases/tag/ubuntu24%2F20250907.24
yamllint	Set up job	2025-09-17T06:13:57.8021877Z ##[endgroup]
yamllint	Set up job	2025-09-17T06:13:57.8026047Z ##[group]GITHUB_TOKEN Permissions
yamllint	Set up job	2025-09-17T06:13:57.8029112Z Actions: write
yamllint	Set up job	2025-09-17T06:13:57.8030055Z Attestations: write
yamllint	Set up job	2025-09-17T06:13:57.8031100Z Checks: write
yamllint	Set up job	2025-09-17T06:13:57.8032051Z Contents: write
yamllint	Set up job	2025-09-17T06:13:57.8032981Z Deployments: write
yamllint	Set up job	2025-09-17T06:13:57.8033905Z Discussions: write
yamllint	Set up job	2025-09-17T06:13:57.8035314Z Issues: write
yamllint	Set up job	2025-09-17T06:13:57.8036236Z Metadata: read
yamllint	Set up job	2025-09-17T06:13:57.8037110Z Models: read
yamllint	Set up job	2025-09-17T06:13:57.8037988Z Packages: write
yamllint	Set up job	2025-09-17T06:13:57.8038918Z Pages: write
yamllint	Set up job	2025-09-17T06:13:57.8039840Z PullRequests: write
yamllint	Set up job	2025-09-17T06:13:57.8040873Z RepositoryProjects: write
yamllint	Set up job	2025-09-17T06:13:57.8042123Z SecurityEvents: write
yamllint	Set up job	2025-09-17T06:13:57.8043207Z Statuses: write
yamllint	Set up job	2025-09-17T06:13:57.8044342Z ##[endgroup]
yamllint	Set up job	2025-09-17T06:13:57.8047302Z Secret source: Actions
yamllint	Set up job	2025-09-17T06:13:57.8048735Z Prepare workflow directory
yamllint	Set up job	2025-09-17T06:13:57.8426893Z Prepare all required actions
yamllint	Set up job	2025-09-17T06:13:57.8482414Z Getting action download info
yamllint	Set up job	2025-09-17T06:13:58.1796986Z Download action repository 'actions/checkout@v4' (SHA:08eba0b27e820071cde6df949e0beb9ba4906955)
yamllint	Set up job	2025-09-17T06:13:58.6335005Z Download action repository 'actions/setup-python@v4' (SHA:7f4fc3e22c37d6ff65e88745f38bd3157c663f7c)
yamllint	Set up job	2025-09-17T06:13:58.8377183Z Complete job name: yamllint
yamllint	Run actions/checkout@v4	﻿2025-09-17T06:13:58.9092464Z ##[group]Run actions/checkout@v4
yamllint	Run actions/checkout@v4	2025-09-17T06:13:58.9093385Z with:
yamllint	Run actions/checkout@v4	2025-09-17T06:13:58.9093835Z   repository: papaert-cloud/Generic
yamllint	Run actions/checkout@v4	2025-09-17T06:13:58.9094868Z   token: ***
yamllint	Run actions/checkout@v4	2025-09-17T06:13:58.9095295Z   ssh-strict: true
yamllint	Run actions/checkout@v4	2025-09-17T06:13:58.9095714Z   ssh-user: git
yamllint	Run actions/checkout@v4	2025-09-17T06:13:58.9096135Z   persist-credentials: true
yamllint	Run actions/checkout@v4	2025-09-17T06:13:58.9096599Z   clean: true
yamllint	Run actions/checkout@v4	2025-09-17T06:13:58.9097018Z   sparse-checkout-cone-mode: true
yamllint	Run actions/checkout@v4	2025-09-17T06:13:58.9097520Z   fetch-depth: 1
yamllint	Run actions/checkout@v4	2025-09-17T06:13:58.9097931Z   fetch-tags: false
yamllint	Run actions/checkout@v4	2025-09-17T06:13:58.9098355Z   show-progress: true
yamllint	Run actions/checkout@v4	2025-09-17T06:13:58.9098782Z   lfs: false
yamllint	Run actions/checkout@v4	2025-09-17T06:13:58.9099181Z   submodules: false
yamllint	Run actions/checkout@v4	2025-09-17T06:13:58.9099645Z   set-safe-directory: true
yamllint	Run actions/checkout@v4	2025-09-17T06:13:58.9100389Z ##[endgroup]
yamllint	Run actions/checkout@v4	2025-09-17T06:13:59.0164688Z Syncing repository: papaert-cloud/Generic
yamllint	Run actions/checkout@v4	2025-09-17T06:13:59.0166649Z ##[group]Getting Git version info
yamllint	Run actions/checkout@v4	2025-09-17T06:13:59.0167376Z Working directory is '/home/runner/work/Generic/Generic'
yamllint	Run actions/checkout@v4	2025-09-17T06:13:59.0168344Z [command]/usr/bin/git version
yamllint	Run actions/checkout@v4	2025-09-17T06:13:59.0238025Z git version 2.51.0
yamllint	Run actions/checkout@v4	2025-09-17T06:13:59.0263174Z ##[endgroup]
yamllint	Run actions/checkout@v4	2025-09-17T06:13:59.0276652Z Temporarily overriding HOME='/home/runner/work/_temp/99fbd0b6-c947-4fcb-b068-cfbc63d7e88e' before making global git config changes
yamllint	Run actions/checkout@v4	2025-09-17T06:13:59.0278124Z Adding repository directory to the temporary git global config as a safe directory
yamllint	Run actions/checkout@v4	2025-09-17T06:13:59.0281357Z [command]/usr/bin/git config --global --add safe.directory /home/runner/work/Generic/Generic
yamllint	Run actions/checkout@v4	2025-09-17T06:13:59.0316072Z Deleting the contents of '/home/runner/work/Generic/Generic'
yamllint	Run actions/checkout@v4	2025-09-17T06:13:59.0319590Z ##[group]Initializing the repository
yamllint	Run actions/checkout@v4	2025-09-17T06:13:59.0323134Z [command]/usr/bin/git init /home/runner/work/Generic/Generic
yamllint	Run actions/checkout@v4	2025-09-17T06:13:59.0438218Z hint: Using 'master' as the name for the initial branch. This default branch name
yamllint	Run actions/checkout@v4	2025-09-17T06:13:59.0440311Z hint: is subject to change. To configure the initial branch name to use in all
yamllint	Run actions/checkout@v4	2025-09-17T06:13:59.0441812Z hint: of your new repositories, which will suppress this warning, call:
yamllint	Run actions/checkout@v4	2025-09-17T06:13:59.0443256Z hint:
yamllint	Run actions/checkout@v4	2025-09-17T06:13:59.0443951Z hint: 	git config --global init.defaultBranch <name>
yamllint	Run actions/checkout@v4	2025-09-17T06:13:59.0445372Z hint:
yamllint	Run actions/checkout@v4	2025-09-17T06:13:59.0446548Z hint: Names commonly chosen instead of 'master' are 'main', 'trunk' and
yamllint	Run actions/checkout@v4	2025-09-17T06:13:59.0448422Z hint: 'development'. The just-created branch can be renamed via this command:
yamllint	Run actions/checkout@v4	2025-09-17T06:13:59.0449926Z hint:
yamllint	Run actions/checkout@v4	2025-09-17T06:13:59.0450751Z hint: 	git branch -m <name>
yamllint	Run actions/checkout@v4	2025-09-17T06:13:59.0451613Z hint:
yamllint	Run actions/checkout@v4	2025-09-17T06:13:59.0452747Z hint: Disable this message with "git config set advice.defaultBranchName false"
yamllint	Run actions/checkout@v4	2025-09-17T06:13:59.0454986Z Initialized empty Git repository in /home/runner/work/Generic/Generic/.git/
yamllint	Run actions/checkout@v4	2025-09-17T06:13:59.0458234Z [command]/usr/bin/git remote add origin https://github.com/papaert-cloud/Generic
yamllint	Run actions/checkout@v4	2025-09-17T06:13:59.0495510Z ##[endgroup]
yamllint	Run actions/checkout@v4	2025-09-17T06:13:59.0496913Z ##[group]Disabling automatic garbage collection
yamllint	Run actions/checkout@v4	2025-09-17T06:13:59.0500481Z [command]/usr/bin/git config --local gc.auto 0
yamllint	Run actions/checkout@v4	2025-09-17T06:13:59.0530881Z ##[endgroup]
yamllint	Run actions/checkout@v4	2025-09-17T06:13:59.0532292Z ##[group]Setting up auth
yamllint	Run actions/checkout@v4	2025-09-17T06:13:59.0538792Z [command]/usr/bin/git config --local --name-only --get-regexp core\.sshCommand
yamllint	Run actions/checkout@v4	2025-09-17T06:13:59.0569774Z [command]/usr/bin/git submodule foreach --recursive sh -c "git config --local --name-only --get-regexp 'core\.sshCommand' && git config --local --unset-all 'core.sshCommand' || :"
yamllint	Run actions/checkout@v4	2025-09-17T06:13:59.0902665Z [command]/usr/bin/git config --local --name-only --get-regexp http\.https\:\/\/github\.com\/\.extraheader
yamllint	Run actions/checkout@v4	2025-09-17T06:13:59.0931768Z [command]/usr/bin/git submodule foreach --recursive sh -c "git config --local --name-only --get-regexp 'http\.https\:\/\/github\.com\/\.extraheader' && git config --local --unset-all 'http.https://github.com/.extraheader' || :"
yamllint	Run actions/checkout@v4	2025-09-17T06:13:59.1150270Z [command]/usr/bin/git config --local http.https://github.com/.extraheader AUTHORIZATION: basic ***
yamllint	Run actions/checkout@v4	2025-09-17T06:13:59.1185220Z ##[endgroup]
yamllint	Run actions/checkout@v4	2025-09-17T06:13:59.1186454Z ##[group]Fetching the repository
yamllint	Run actions/checkout@v4	2025-09-17T06:13:59.1193582Z [command]/usr/bin/git -c protocol.version=2 fetch --no-tags --prune --no-recurse-submodules --depth=1 origin +69cb9140b0f2183b6658445de5aae5df7c564c6e:refs/remotes/pull/4/merge
yamllint	Run actions/checkout@v4	2025-09-17T06:13:59.8519926Z From https://github.com/papaert-cloud/Generic
yamllint	Run actions/checkout@v4	2025-09-17T06:13:59.8523874Z  * [new ref]         69cb9140b0f2183b6658445de5aae5df7c564c6e -> pull/4/merge
yamllint	Run actions/checkout@v4	2025-09-17T06:13:59.8556257Z ##[endgroup]
yamllint	Run actions/checkout@v4	2025-09-17T06:13:59.8558125Z ##[group]Determining the checkout info
yamllint	Run actions/checkout@v4	2025-09-17T06:13:59.8560501Z ##[endgroup]
yamllint	Run actions/checkout@v4	2025-09-17T06:13:59.8566150Z [command]/usr/bin/git sparse-checkout disable
yamllint	Run actions/checkout@v4	2025-09-17T06:13:59.8608897Z [command]/usr/bin/git config --local --unset-all extensions.worktreeConfig
yamllint	Run actions/checkout@v4	2025-09-17T06:13:59.8642276Z ##[group]Checking out the ref
yamllint	Run actions/checkout@v4	2025-09-17T06:13:59.8645354Z [command]/usr/bin/git checkout --progress --force refs/remotes/pull/4/merge
yamllint	Run actions/checkout@v4	2025-09-17T06:14:00.1150963Z Note: switching to 'refs/remotes/pull/4/merge'.
yamllint	Run actions/checkout@v4	2025-09-17T06:14:00.1152378Z 
yamllint	Run actions/checkout@v4	2025-09-17T06:14:00.1153442Z You are in 'detached HEAD' state. You can look around, make experimental
yamllint	Run actions/checkout@v4	2025-09-17T06:14:00.1156538Z changes and commit them, and you can discard any commits you make in this
yamllint	Run actions/checkout@v4	2025-09-17T06:14:00.1159376Z state without impacting any branches by switching back to a branch.
yamllint	Run actions/checkout@v4	2025-09-17T06:14:00.1161123Z 
yamllint	Run actions/checkout@v4	2025-09-17T06:14:00.1162178Z If you want to create a new branch to retain commits you create, you may
yamllint	Run actions/checkout@v4	2025-09-17T06:14:00.1164275Z do so (now or later) by using -c with the switch command. Example:
yamllint	Run actions/checkout@v4	2025-09-17T06:14:00.1165358Z 
yamllint	Run actions/checkout@v4	2025-09-17T06:14:00.1165898Z   git switch -c <new-branch-name>
yamllint	Run actions/checkout@v4	2025-09-17T06:14:00.1167043Z 
yamllint	Run actions/checkout@v4	2025-09-17T06:14:00.1167836Z Or undo this operation with:
yamllint	Run actions/checkout@v4	2025-09-17T06:14:00.1168571Z 
yamllint	Run actions/checkout@v4	2025-09-17T06:14:00.1168973Z   git switch -
yamllint	Run actions/checkout@v4	2025-09-17T06:14:00.1169520Z 
yamllint	Run actions/checkout@v4	2025-09-17T06:14:00.1170431Z Turn off this advice by setting config variable advice.detachedHead to false
yamllint	Run actions/checkout@v4	2025-09-17T06:14:00.1171952Z 
yamllint	Run actions/checkout@v4	2025-09-17T06:14:00.1173544Z HEAD is now at 69cb914 Merge 379d670590656498882307987b62cc76cf2116cd into b1fa9b563261d4d6cd806f081976006c7aa1a811
yamllint	Run actions/checkout@v4	2025-09-17T06:14:00.1178386Z ##[endgroup]
yamllint	Run actions/checkout@v4	2025-09-17T06:14:00.1208080Z [command]/usr/bin/git log -1 --format=%H
yamllint	Run actions/checkout@v4	2025-09-17T06:14:00.1229189Z 69cb9140b0f2183b6658445de5aae5df7c564c6e
yamllint	Set up Python	﻿2025-09-17T06:14:00.1540115Z ##[group]Run actions/setup-python@v4
yamllint	Set up Python	2025-09-17T06:14:00.1541301Z with:
yamllint	Set up Python	2025-09-17T06:14:00.1542084Z   python-version: 3.x
yamllint	Set up Python	2025-09-17T06:14:00.1543118Z   check-latest: false
yamllint	Set up Python	2025-09-17T06:14:00.1544471Z   token: ***
yamllint	Set up Python	2025-09-17T06:14:00.1545323Z   update-environment: true
yamllint	Set up Python	2025-09-17T06:14:00.1546345Z   allow-prereleases: false
yamllint	Set up Python	2025-09-17T06:14:00.1547299Z ##[endgroup]
yamllint	Set up Python	2025-09-17T06:14:00.3237222Z ##[group]Installed versions
yamllint	Set up Python	2025-09-17T06:14:00.3335438Z Successfully set up CPython (3.13.7)
yamllint	Set up Python	2025-09-17T06:14:00.3338250Z ##[endgroup]
yamllint	Install yamllint	﻿2025-09-17T06:14:00.3486937Z ##[group]Run python -m pip install yamllint
yamllint	Install yamllint	2025-09-17T06:14:00.3488321Z [36;1mpython -m pip install yamllint[0m
yamllint	Install yamllint	2025-09-17T06:14:00.3670351Z shell: /usr/bin/bash -e {0}
yamllint	Install yamllint	2025-09-17T06:14:00.3671360Z env:
yamllint	Install yamllint	2025-09-17T06:14:00.3672352Z   pythonLocation: /opt/hostedtoolcache/Python/3.13.7/x64
yamllint	Install yamllint	2025-09-17T06:14:00.3674214Z   PKG_CONFIG_PATH: /opt/hostedtoolcache/Python/3.13.7/x64/lib/pkgconfig
yamllint	Install yamllint	2025-09-17T06:14:00.3675890Z   Python_ROOT_DIR: /opt/hostedtoolcache/Python/3.13.7/x64
yamllint	Install yamllint	2025-09-17T06:14:00.3677390Z   Python2_ROOT_DIR: /opt/hostedtoolcache/Python/3.13.7/x64
yamllint	Install yamllint	2025-09-17T06:14:00.3678922Z   Python3_ROOT_DIR: /opt/hostedtoolcache/Python/3.13.7/x64
yamllint	Install yamllint	2025-09-17T06:14:00.3680443Z   LD_LIBRARY_PATH: /opt/hostedtoolcache/Python/3.13.7/x64/lib
yamllint	Install yamllint	2025-09-17T06:14:00.3681730Z ##[endgroup]
yamllint	Install yamllint	2025-09-17T06:14:04.1854686Z Collecting yamllint
yamllint	Install yamllint	2025-09-17T06:14:04.2487459Z   Downloading yamllint-1.37.1-py3-none-any.whl.metadata (4.3 kB)
yamllint	Install yamllint	2025-09-17T06:14:04.2837507Z Collecting pathspec>=0.5.3 (from yamllint)
yamllint	Install yamllint	2025-09-17T06:14:04.2969869Z   Downloading pathspec-0.12.1-py3-none-any.whl.metadata (21 kB)
yamllint	Install yamllint	2025-09-17T06:14:04.3657193Z Collecting pyyaml (from yamllint)
yamllint	Install yamllint	2025-09-17T06:14:04.3792872Z   Downloading PyYAML-6.0.2-cp313-cp313-manylinux_2_17_x86_64.manylinux2014_x86_64.whl.metadata (2.1 kB)
yamllint	Install yamllint	2025-09-17T06:14:04.3977536Z Downloading yamllint-1.37.1-py3-none-any.whl (68 kB)
yamllint	Install yamllint	2025-09-17T06:14:04.4271088Z Downloading pathspec-0.12.1-py3-none-any.whl (31 kB)
yamllint	Install yamllint	2025-09-17T06:14:04.4431134Z Downloading PyYAML-6.0.2-cp313-cp313-manylinux_2_17_x86_64.manylinux2014_x86_64.whl (759 kB)
yamllint	Install yamllint	2025-09-17T06:14:04.4771476Z    ━━━━━━━━━━━━━━━━━━━━━━━━━━━━━━━━━━━━━━━━ 759.5/759.5 kB 29.2 MB/s  0:00:00
yamllint	Install yamllint	2025-09-17T06:14:04.5027272Z Installing collected packages: pyyaml, pathspec, yamllint
yamllint	Install yamllint	2025-09-17T06:14:04.6135684Z 
yamllint	Install yamllint	2025-09-17T06:14:04.6149027Z Successfully installed pathspec-0.12.1 pyyaml-6.0.2 yamllint-1.37.1
yamllint	Run yamllint on workflows and recap	﻿2025-09-17T06:14:04.7743032Z ##[group]Run yamllint .github/workflows
yamllint	Run yamllint on workflows and recap	2025-09-17T06:14:04.7743437Z [36;1myamllint .github/workflows[0m
yamllint	Run yamllint on workflows and recap	2025-09-17T06:14:04.7743711Z [36;1myamllint recap[0m
yamllint	Run yamllint on workflows and recap	2025-09-17T06:14:04.7743932Z [36;1myamllint solutions/demo-sbom-lab[0m
yamllint	Run yamllint on workflows and recap	2025-09-17T06:14:04.7774789Z shell: /usr/bin/bash -e {0}
yamllint	Run yamllint on workflows and recap	2025-09-17T06:14:04.7775031Z env:
yamllint	Run yamllint on workflows and recap	2025-09-17T06:14:04.7775270Z   pythonLocation: /opt/hostedtoolcache/Python/3.13.7/x64
yamllint	Run yamllint on workflows and recap	2025-09-17T06:14:04.7775680Z   PKG_CONFIG_PATH: /opt/hostedtoolcache/Python/3.13.7/x64/lib/pkgconfig
yamllint	Run yamllint on workflows and recap	2025-09-17T06:14:04.7776063Z   Python_ROOT_DIR: /opt/hostedtoolcache/Python/3.13.7/x64
yamllint	Run yamllint on workflows and recap	2025-09-17T06:14:04.7776385Z   Python2_ROOT_DIR: /opt/hostedtoolcache/Python/3.13.7/x64
yamllint	Run yamllint on workflows and recap	2025-09-17T06:14:04.7776720Z   Python3_ROOT_DIR: /opt/hostedtoolcache/Python/3.13.7/x64
yamllint	Run yamllint on workflows and recap	2025-09-17T06:14:04.7777046Z   LD_LIBRARY_PATH: /opt/hostedtoolcache/Python/3.13.7/x64/lib
yamllint	Run yamllint on workflows and recap	2025-09-17T06:14:04.7777342Z ##[endgroup]
yamllint	Run yamllint on workflows and recap	2025-09-17T06:14:04.9070980Z ##[group].github/workflows/ci-build-deploy.yml
yamllint	Run yamllint on workflows and recap	2025-09-17T06:14:04.9092915Z ##[warning]1:1 [document-start] missing document start "---"
yamllint	Run yamllint on workflows and recap	2025-09-17T06:14:04.9100079Z ##[warning]3:1 [truthy] truthy value should be one of [false, true]
yamllint	Run yamllint on workflows and recap	2025-09-17T06:14:04.9102271Z ##[error]5:16 [brackets] too many spaces inside brackets
yamllint	Run yamllint on workflows and recap	2025-09-17T06:14:04.9103479Z ##[error]5:23 [brackets] too many spaces inside brackets
yamllint	Run yamllint on workflows and recap	2025-09-17T06:14:04.9104921Z ##[error]7:16 [brackets] too many spaces inside brackets
yamllint	Run yamllint on workflows and recap	2025-09-17T06:14:04.9106004Z ##[error]7:23 [brackets] too many spaces inside brackets
yamllint	Run yamllint on workflows and recap	2025-09-17T06:14:04.9107111Z ##[warning]11:32 [comments] too few spaces before comment: expected 2
yamllint	Run yamllint on workflows and recap	2025-09-17T06:14:04.9108256Z ##[warning]14:19 [comments] too few spaces before comment: expected 2
yamllint	Run yamllint on workflows and recap	2025-09-17T06:14:04.9109375Z ##[error]34:81 [line-length] line too long (161 > 80 characters)
yamllint	Run yamllint on workflows and recap	2025-09-17T06:14:04.9110536Z ##[error]40:81 [line-length] line too long (111 > 80 characters)
yamllint	Run yamllint on workflows and recap	2025-09-17T06:14:04.9111702Z ##[error]44:81 [line-length] line too long (89 > 80 characters)
yamllint	Run yamllint on workflows and recap	2025-09-17T06:14:04.9112818Z ##[error]46:81 [line-length] line too long (118 > 80 characters)
yamllint	Run yamllint on workflows and recap	2025-09-17T06:14:04.9113727Z ##[endgroup]
yamllint	Run yamllint on workflows and recap	2025-09-17T06:14:04.9113889Z 
yamllint	Run yamllint on workflows and recap	2025-09-17T06:14:04.9114352Z ##[group].github/workflows/yamllint.yml
yamllint	Run yamllint on workflows and recap	2025-09-17T06:14:04.9115100Z ##[warning]1:1 [document-start] missing document start "---"
yamllint	Run yamllint on workflows and recap	2025-09-17T06:14:04.9116312Z ##[warning]3:1 [truthy] truthy value should be one of [false, true]
yamllint	Run yamllint on workflows and recap	2025-09-17T06:14:04.9117455Z ##[error]5:16 [brackets] too many spaces inside brackets
yamllint	Run yamllint on workflows and recap	2025-09-17T06:14:04.9118548Z ##[error]5:21 [brackets] too many spaces inside brackets
yamllint	Run yamllint on workflows and recap	2025-09-17T06:14:04.9119683Z ##[error]7:16 [brackets] too many spaces inside brackets
yamllint	Run yamllint on workflows and recap	2025-09-17T06:14:04.9120746Z ##[error]7:21 [brackets] too many spaces inside brackets
yamllint	Run yamllint on workflows and recap	2025-09-17T06:14:04.9121562Z ##[endgroup]
yamllint	Run yamllint on workflows and recap	2025-09-17T06:14:04.9121680Z 
yamllint	Run yamllint on workflows and recap	2025-09-17T06:14:04.9121919Z ##[group].github/workflows/pre-commit-lint.yml
yamllint	Run yamllint on workflows and recap	2025-09-17T06:14:04.9122621Z ##[warning]1:1 [document-start] missing document start "---"
yamllint	Run yamllint on workflows and recap	2025-09-17T06:14:04.9123825Z ##[warning]3:1 [truthy] truthy value should be one of [false, true]
yamllint	Run yamllint on workflows and recap	2025-09-17T06:14:04.9125268Z ##[error]5:16 [brackets] too many spaces inside brackets
yamllint	Run yamllint on workflows and recap	2025-09-17T06:14:04.9126371Z ##[error]5:21 [brackets] too many spaces inside brackets
yamllint	Run yamllint on workflows and recap	2025-09-17T06:14:04.9127183Z ##[endgroup]
yamllint	Run yamllint on workflows and recap	2025-09-17T06:14:04.9127299Z 
yamllint	Run yamllint on workflows and recap	2025-09-17T06:14:04.9127531Z ##[group].github/workflows/canary-deploy.yml
yamllint	Run yamllint on workflows and recap	2025-09-17T06:14:04.9128287Z ##[warning]1:1 [document-start] missing document start "---"
yamllint	Run yamllint on workflows and recap	2025-09-17T06:14:04.9129466Z ##[warning]3:1 [truthy] truthy value should be one of [false, true]
yamllint	Run yamllint on workflows and recap	2025-09-17T06:14:04.9130635Z ##[error]16:81 [line-length] line too long (85 > 80 characters)
yamllint	Run yamllint on workflows and recap	2025-09-17T06:14:04.9131472Z ##[endgroup]
yamllint	Run yamllint on workflows and recap	2025-09-17T06:14:04.9131579Z 
yamllint	Run yamllint on workflows and recap	2025-09-17T06:14:04.9131808Z ##[group].github/workflows/semgrep-scan.yml
yamllint	Run yamllint on workflows and recap	2025-09-17T06:14:04.9132470Z ##[warning]1:1 [document-start] missing document start "---"
yamllint	Run yamllint on workflows and recap	2025-09-17T06:14:04.9133654Z ##[warning]3:1 [truthy] truthy value should be one of [false, true]
yamllint	Run yamllint on workflows and recap	2025-09-17T06:14:04.9135043Z ##[error]5:16 [brackets] too many spaces inside brackets
yamllint	Run yamllint on workflows and recap	2025-09-17T06:14:04.9136514Z ##[error]5:21 [brackets] too many spaces inside brackets
yamllint	Run yamllint on workflows and recap	2025-09-17T06:14:04.9137360Z ##[endgroup]
yamllint	Run yamllint on workflows and recap	2025-09-17T06:14:04.9137482Z 
yamllint	Run yamllint on workflows and recap	2025-09-17T06:14:04.9137726Z ##[group].github/workflows/nightly-sbom-rescan.yml
yamllint	Run yamllint on workflows and recap	2025-09-17T06:14:04.9138439Z ##[warning]1:1 [document-start] missing document start "---"
yamllint	Run yamllint on workflows and recap	2025-09-17T06:14:04.9139629Z ##[warning]3:1 [truthy] truthy value should be one of [false, true]
yamllint	Run yamllint on workflows and recap	2025-09-17T06:14:04.9140840Z ##[warning]5:25 [comments] too few spaces before comment: expected 2
yamllint	Run yamllint on workflows and recap	2025-09-17T06:14:04.9141702Z ##[endgroup]
yamllint	Run yamllint on workflows and recap	2025-09-17T06:14:04.9141811Z 
yamllint	Run yamllint on workflows and recap	2025-09-17T06:14:04.9142045Z ##[group].github/workflows/demo-sbom-pipeline.yml
yamllint	Run yamllint on workflows and recap	2025-09-17T06:14:04.9142749Z ##[warning]1:1 [document-start] missing document start "---"
yamllint	Run yamllint on workflows and recap	2025-09-17T06:14:04.9143930Z ##[warning]3:1 [truthy] truthy value should be one of [false, true]
yamllint	Run yamllint on workflows and recap	2025-09-17T06:14:04.9145418Z ##[error]6:16 [brackets] too many spaces inside brackets
yamllint	Run yamllint on workflows and recap	2025-09-17T06:14:04.9146761Z ##[error]6:33 [brackets] too many spaces inside brackets
yamllint	Run yamllint on workflows and recap	2025-09-17T06:14:04.9147912Z ##[error]22:81 [line-length] line too long (112 > 80 characters)
yamllint	Run yamllint on workflows and recap	2025-09-17T06:14:04.9149056Z ##[error]23:81 [line-length] line too long (125 > 80 characters)
yamllint	Run yamllint on workflows and recap	2025-09-17T06:14:04.9150200Z ##[error]35:81 [line-length] line too long (86 > 80 characters)
yamllint	Run yamllint on workflows and recap	2025-09-17T06:14:04.9151326Z ##[error]37:81 [line-length] line too long (115 > 80 characters)
yamllint	Run yamllint on workflows and recap	2025-09-17T06:14:04.9152452Z ##[error]40:81 [line-length] line too long (104 > 80 characters)
yamllint	Run yamllint on workflows and recap	2025-09-17T06:14:04.9153584Z ##[error]53:81 [line-length] line too long (86 > 80 characters)
yamllint	Run yamllint on workflows and recap	2025-09-17T06:14:04.9154966Z ##[error]54:81 [line-length] line too long (137 > 80 characters)
yamllint	Run yamllint on workflows and recap	2025-09-17T06:14:04.9155816Z ##[endgroup]
yamllint	Run yamllint on workflows and recap	2025-09-17T06:14:04.9155938Z 
yamllint	Run yamllint on workflows and recap	2025-09-17T06:14:04.9156167Z ##[group].github/workflows/codeql-analysis.yml
